// Jest Snapshot v1, https://goo.gl/fbAQLP

exports[`Renders SVG 1`] = `"<svg xmlns=\\"http://www.w3.org/2000/svg\\" width=\\"150\\" height=\\"50\\" viewBox=\\"0,0,150,50\\"><path fill=\\"#333\\" d=\\"M48.27 14.39L48.11 14.24L48.13 14.25Q52.00 16.87 56.76 17.10L56.65 16.99L56.78 17.12Q61.36 17.24 65.62 15.49L65.65 15.52L65.53 15.40Q65.34 16.01 64.58 18.79L64.63 18.84L64.69 18.89Q61.81 19.79 58.84 19.94L58.82 19.92L58.88 19.98Q55.97 20.19 53.07 19.46L53.07 19.46L52.96 19.35Q53.65 22.97 53.84 26.62L53.96 26.74L53.90 26.68Q56.03 27.03 57.63 26.99L57.56 26.91L57.58 26.94Q58.79 26.93 61.19 26.82L61.22 26.84L61.15 26.78Q61.14 27.45 61.14 28.14L61.17 28.17L61.05 29.38L61.06 29.39Q58.78 29.51 53.99 29.59L53.83 29.44L54.01 29.61Q53.91 33.63 53.34 37.62L53.39 37.67L53.27 37.56Q55.89 36.90 58.63 37.01L58.70 37.08L58.66 37.04Q61.33 37.08 63.92 37.92L64.04 38.04L64.04 38.05Q64.15 38.88 64.42 39.64L64.42 39.64L64.88 41.17L64.88 41.17Q61.59 39.78 58.16 39.78L58.13 39.74L58.18 39.80Q53.35 39.84 49.09 42.09L48.97 41.98L48.99 41.99Q51.31 35.18 51.05 28.06L51.02 28.03L51.08 28.09Q50.80 20.92 48.14 14.26ZM48.54 42.75L48.55 42.77L48.57 42.79Q49.86 42.10 50.63 41.76L50.48 41.62L50.67 41.81Q50.45 42.54 49.88 44.06L49.81 43.99L49.73 43.91Q54.25 41.92 59.32 42.19L59.35 42.23L59.35 42.23Q64.65 42.65 68.65 45.35L68.61 45.32L68.66 45.37Q67.41 42.75 66.73 40.81L66.65 40.73L66.71 40.79Q65.76 40.22 64.77 39.88L64.68 39.79L64.72 39.82Q64.38 38.50 64.23 37.70L64.15 37.62L64.11 37.59Q61.17 36.74 58.01 36.74L57.97 36.70L58.04 36.76Q56.83 36.69 55.68 36.81L55.71 36.84L55.63 36.76Q55.77 35.52 55.80 34.30L55.93 34.43L55.94 31.85L55.94 31.85Q57.82 31.82 59.61 31.86L59.52 31.77L59.60 31.85Q61.43 31.89 63.21 32.04L63.07 31.89L63.11 31.94Q63.02 30.97 63.02 30.02L62.97 29.97L63.08 28.18L62.27 28.24L62.28 28.25Q61.93 28.40 61.48 28.40L61.30 28.22L61.33 28.26Q61.46 27.70 61.61 26.40L61.50 26.29L61.51 26.31Q59.99 26.61 58.81 26.64L58.78 26.62L58.75 26.58Q57.91 26.70 56.08 26.62L55.98 26.52L56.04 26.58Q55.82 25.03 55.63 22.21L55.67 22.25L55.80 22.38Q56.71 22.38 57.70 22.38L57.72 22.39L57.68 22.36Q62.41 22.37 66.10 20.46L66.12 20.48L66.07 20.43Q66.67 18.10 67.54 15.89L67.59 15.93L67.69 16.03Q66.30 16.82 65.46 17.16L65.37 17.06L65.38 17.07Q65.64 16.26 66.09 14.70L66.28 14.89L66.16 14.77Q61.58 16.96 56.70 16.66L56.60 16.56L56.72 16.68Q51.28 16.23 47.44 13.37L47.48 13.41L47.59 13.52Q50.43 20.44 50.73 28.05L50.74 28.06L50.81 28.12Q51.09 36.02 48.57 42.79Z\\"/><path fill=\\"#333\\" d=\\"M123.44 37.94L123.48 37.98L123.34 37.83Q123.73 38.92 124.27 40.94L124.30 40.97L124.32 40.99Q119.99 39.56 115.39 39.82L115.43 39.87L115.39 39.82Q110.82 40.09 106.82 42.07L106.90 42.15L106.75 42.00Q107.17 41.50 107.21 41.58L107.16 41.53L107.07 41.44Q110.87 37.56 114.80 33.14L114.84 33.19L114.77 33.11Q119.24 28.18 120.42 23.50L120.39 23.47L120.29 23.37Q120.88 21.75 119.61 20.57L119.53 20.50L119.57 20.54Q118.20 19.26 116.41 19.41L116.51 19.51L116.45 19.45Q116.08 19.38 115.73 19.38L115.84 19.49L115.84 19.49Q114.25 19.42 112.99 20.33L112.94 20.28L112.96 20.30Q111.65 21.65 111.87 24.32L111.88 24.33L111.89 24.33Q110.23 24.12 109.01 23.66L108.91 23.56L108.86 23.51Q108.84 22.27 108.76 20.83L108.58 20.64L108.63 20.70Q108.67 19.17 109.28 18.03L109.24 17.99L109.16 17.91Q111.09 16.68 114.44 16.68L114.37 16.62L116.08 16.57L116.14 16.63Q118.36 16.61 119.32 16.72L119.25 16.66L119.34 16.75Q123.65 17.13 123.91 19.57L124.00 19.66L124.00 19.66Q124.10 20.25 124.03 21.05L124.03 21.05L124.04 21.06Q123.91 21.62 123.75 22.30L123.83 22.38L123.74 22.29Q122.12 30.42 114.55 37.27L114.45 37.18L114.56 37.29Q115.94 37.10 117.31 37.10L117.41 37.20L117.41 37.20Q120.58 37.13 123.43 37.93ZM122.91 17.15L122.83 17.08L122.80 17.05Q121.28 16.47 119.56 16.40L119.51 16.35L116.14 16.21L116.18 16.26Q111.73 15.99 109.52 17.10L109.41 16.98L109.53 17.10Q108.35 18.35 108.35 20.41L108.43 20.50L108.32 20.38Q108.34 21.09 108.65 23.91L108.70 23.96L108.64 23.90Q109.30 24.25 110.48 24.56L110.45 24.53L110.34 25.45L110.43 25.54Q110.44 26.05 110.52 26.58L110.46 26.52L110.54 26.60Q111.70 26.61 114.17 26.84L114.25 26.93L114.15 26.82Q114.22 26.55 114.22 26.20L114.14 26.13L114.08 26.07Q114.15 24.31 115.37 22.96L115.42 23.01L115.44 23.03Q116.66 21.68 118.44 21.79L118.32 21.67L118.44 21.79Q119.09 21.71 119.85 21.86L119.85 21.86L119.90 21.91Q119.95 22.23 120.02 22.65L120.04 22.66L120.04 22.66Q120.23 23.23 120.15 23.57L120.08 23.50L120.07 23.49Q118.73 28.16 114.31 33.00L114.44 33.13L114.44 33.13Q112.16 35.23 106.72 41.28L106.74 41.30L106.79 41.35Q106.54 42.13 106.20 42.70L106.22 42.72L106.33 42.83Q107.93 41.96 109.45 41.43L109.36 41.33L109.36 41.34Q108.66 41.93 107.71 43.41L107.79 43.50L107.72 43.43Q107.61 43.77 107.49 44.11L107.45 44.07L107.54 44.15Q112.34 42.03 117.83 42.22L117.76 42.16L117.82 42.22Q123.53 42.41 128.10 44.77L128.09 44.76L127.17 42.70L127.07 42.60Q126.38 41.22 126.11 40.42L126.21 40.52L126.13 40.44Q125.42 40.03 124.20 39.61L124.17 39.58L124.27 39.68Q124.07 38.91 123.69 37.54L123.75 37.60L123.80 37.65Q121.59 37.08 119.30 36.89L119.28 36.86L119.23 36.81Q123.85 32.18 125.37 23.92L125.49 24.04L125.70 21.17L125.67 21.13Q125.49 19.24 124.27 18.56L124.32 18.60L124.37 18.69L124.27 18.59Q124.27 18.55 124.19 18.55L124.10 18.46L124.23 18.59Q123.99 17.74 122.88 17.13Z\\"/><path fill=\\"#222\\" d=\\"M24.52 14.09L24.56 14.13L24.47 14.04Q25.31 15.95 26.99 16.30L27.13 16.44L27.00 16.31Q27.57 16.46 28.25 16.27L28.33 16.35L28.33 16.34Q28.12 22.26 28.04 28.12L28.08 28.17L27.96 28.04Q27.95 33.86 28.18 39.80L28.22 39.83L28.14 39.75Q28.04 39.89 27.74 39.89L27.59 39.74L27.72 39.87Q26.17 39.88 24.87 41.71L24.77 41.60L24.86 41.70Q25.49 34.71 25.45 27.86L25.42 27.83L25.44 27.85Q25.34 20.93 24.50 14.07ZM24.33 42.72L24.42 42.81L24.42 42.81Q25.44 40.95 26.51 40.49L26.61 40.59L26.57 40.55Q26.47 41.55 26.47 42.54L26.48 42.55L26.42 42.50Q27.09 42.06 27.89 42.17L27.90 42.19L28.06 42.34Q29.96 42.52 31.17 45.23L31.29 45.34L31.29 45.34Q30.07 37.77 30.07 30.31L29.98 30.21L30.05 30.28Q30.07 22.58 30.91 15.27L30.90 15.26L30.87 15.23Q29.92 17.17 28.77 17.78L28.75 17.75L28.64 17.64Q28.65 16.63 28.73 15.56L28.78 15.61L28.82 15.65Q27.98 16.11 27.22 15.95L27.24 15.97L27.25 15.99Q25.10 15.63 24.11 12.78L24.00 12.66L24.02 12.69Q24.97 20.10 25.05 27.64L25.09 27.68L25.15 27.75Q25.21 35.19 24.33 42.72Z\\"/><path fill=\\"#333\\" d=\\"M87.08 18.47L87.11 18.50L86.97 18.36Q86.44 18.93 86.29 19.73L86.17 19.61L86.27 24.85L86.13 24.71Q87.43 24.87 89.64 24.60L89.54 24.50L89.57 24.53Q89.60 25.02 89.56 25.85L89.42 25.71L89.50 25.80Q89.51 26.60 89.51 27.06L89.49 27.04L87.93 27.15L87.89 27.12Q87.16 27.26 86.28 27.26L86.17 27.15L86.12 27.10Q86.23 31.40 86.16 39.78L86.19 39.80L86.16 39.78Q83.87 39.77 82.38 40.45L82.45 40.52L82.47 40.54Q83.42 34.26 83.30 27.02L83.30 27.02L83.40 27.11Q82.76 27.08 81.46 26.82L81.49 26.84L81.48 26.84Q81.38 25.75 81.19 23.80L81.33 23.95L81.26 23.87Q82.31 24.32 83.26 24.51L83.22 24.46L83.30 24.55Q83.22 23.86 82.92 21.38L82.99 21.45L83.05 21.52Q82.76 19.39 82.76 18.44L82.83 18.51L82.71 18.39Q82.77 16.78 84.18 16.21L84.15 16.18L84.07 16.10Q85.06 15.92 89.90 15.08L89.86 15.04L89.85 15.03Q90.66 14.89 91.50 14.78L91.35 14.62L91.43 14.71Q91.24 15.50 91.08 16.38L91.11 16.41L90.82 17.98L90.83 17.98Q90.08 17.74 89.59 17.85L89.55 17.81L89.70 17.96Q88.92 17.80 87.02 18.40ZM92.45 19.53L92.59 19.67L92.54 19.62Q92.79 17.32 93.40 14.77L93.50 14.87L93.48 14.85Q92.80 15.12 91.51 15.73L91.66 15.89L91.89 14.02L92.00 14.13Q90.68 14.22 88.21 14.76L88.34 14.89L88.20 14.75Q87.16 14.97 83.96 15.88L83.82 15.74L83.78 15.70Q82.30 16.20 82.30 18.06L82.30 18.06L82.33 18.09Q82.24 18.31 82.32 18.65L82.29 18.63L82.35 18.68Q82.61 20.05 82.73 21.38L82.70 21.36L82.94 24.07L83.00 24.13Q81.63 23.75 80.99 23.30L80.98 23.29L80.95 23.26Q80.93 24.08 80.97 25.10L81.07 25.21L81.17 27.17L81.12 27.12Q81.82 27.29 82.62 27.36L82.70 27.45L82.76 29.60L83.15 29.61L83.04 29.50Q82.92 35.63 81.94 41.07L81.94 41.08L81.92 41.05Q82.88 40.53 84.06 40.26L84.22 40.42L83.99 42.44L83.95 42.41Q85.29 42.22 86.58 42.18L86.43 42.02L86.42 42.01Q87.79 42.13 89.04 42.39L89.06 42.41L88.91 42.26Q88.06 37.26 88.06 29.31L88.15 29.39L88.07 29.32Q89.17 29.31 91.26 29.39L91.32 29.44L91.35 27.60L91.30 27.56Q91.41 26.72 91.45 25.77L91.41 25.73L91.29 25.61Q90.86 25.75 89.80 26.02L89.72 25.94L89.88 26.10Q89.80 25.33 89.91 24.00L89.83 23.92L89.83 23.92Q89.05 24.21 88.25 24.28L88.19 24.22L88.20 24.23Q88.29 22.91 88.41 21.50L88.39 21.48L88.36 21.46Q88.54 20.84 89.07 20.50L89.13 20.55L89.03 20.45Q90.03 19.82 90.85 19.74L90.81 19.70L90.80 19.69Q91.59 19.59 92.43 19.51Z\\"/><path d=\\"M7 34 C96 18,55 41,142 23\\" stroke=\\"#444\\" fill=\\"none\\"/></svg>"`;

exports[`Renders SVG on dark background 1`] = `"<svg xmlns=\\"http://www.w3.org/2000/svg\\" width=\\"150\\" height=\\"50\\" viewBox=\\"0,0,150,50\\"><path fill=\\"#bbb\\" d=\\"M114.80 27.67L114.83 27.69L114.83 27.69Q112.61 27.72 111.33 29.22L111.31 29.20L111.38 29.26Q109.92 30.58 109.80 32.87L109.95 33.01L109.84 32.91Q109.87 35.72 110.71 36.67L110.66 36.62L110.54 36.50Q111.81 37.92 114.13 37.77L114.11 37.75L113.94 37.58Q118.63 37.32 119.01 34.31L119.04 34.34L118.99 34.29Q119.19 33.58 119.19 32.78L119.11 32.70L119.13 32.71Q119.08 30.69 117.94 29.16L117.97 29.20L118.02 29.25Q116.75 27.64 114.81 27.67ZM119.66 37.78L119.54 37.66L119.69 37.80Q118.24 39.97 113.86 40.20L113.73 40.07L113.87 40.21Q109.60 40.27 107.96 39.17L107.91 39.12L107.87 39.08Q106.91 38.16 106.76 36.45L106.88 36.57L106.90 36.59Q106.89 35.52 107.08 33.65L107.08 33.65L106.97 33.54Q107.50 29.27 108.72 27.44L108.68 27.40L108.68 27.40Q110.31 24.92 114.15 24.96L114.17 24.98L114.11 24.91Q116.73 25.07 119.02 27.39L118.99 27.36L119.09 27.46Q119.20 21.63 120.80 15.12L120.62 14.94L120.71 15.03Q122.66 14.66 124.52 13.82L124.48 13.78L124.39 13.69Q121.81 20.32 121.55 27.33L121.55 27.33L121.50 27.28Q121.21 34.45 123.34 41.04L123.47 41.17L123.50 41.20Q121.84 40.57 120.13 40.19L120.09 40.14L120.02 40.07Q119.71 38.77 119.55 37.67ZM122.73 43.29L122.61 43.17L122.71 43.26Q124.82 43.85 127.37 45.37L127.26 45.26L127.26 45.26Q123.53 38.18 123.38 29.88L123.44 29.95L123.45 29.95Q123.34 21.78 126.43 14.39L126.43 14.39L126.33 14.29Q125.70 14.80 124.25 15.45L124.34 15.54L124.24 15.44Q124.50 14.22 125.11 13.00L125.26 13.15L125.24 13.13Q122.86 14.21 120.42 14.78L120.39 14.75L120.35 14.71Q118.85 20.44 118.58 26.53L118.72 26.67L118.56 26.51Q116.71 24.74 114.20 24.62L114.28 24.70L114.29 24.71Q110.74 24.47 108.83 26.57L108.81 26.55L108.88 26.62Q107.05 28.86 106.63 33.54L106.67 33.58L106.71 33.62Q106.56 36.47 106.56 36.89L106.42 36.76L106.51 36.84Q106.56 38.57 107.70 39.64L107.75 39.68L107.78 39.72Q107.88 39.82 108.07 39.89L108.06 39.88L108.59 40.61L108.58 40.59Q109.47 41.86 112.44 42.13L112.45 42.14L112.58 42.27Q114.75 42.39 116.12 42.46L116.17 42.51L116.08 42.42Q120.25 42.60 121.97 41.26L121.94 41.23L122.05 41.34Q122.22 42.08 122.67 43.23ZM116.32 29.87L116.45 30.00L116.36 29.90Q117.42 29.94 118.26 30.43L118.29 30.47L118.21 30.39Q118.75 31.72 118.82 32.75L118.74 32.66L118.75 32.68Q119.05 36.90 114.03 37.24L114.17 37.39L113.99 37.20Q113.25 37.38 112.14 37.11L112.08 37.05L112.19 37.16Q111.86 36.45 111.79 35.92L111.88 36.01L111.78 35.91Q111.84 35.36 111.88 34.75L111.89 34.76L111.86 34.74Q112.09 31.24 114.72 30.25L114.81 30.33L114.76 30.29Q115.69 29.88 116.37 29.92Z\\"/><path d=\\"M10 21 C71 11,73 28,144 38\\" stroke=\\"#aaa\\" fill=\\"none\\"/><path fill=\\"#ccc\\" d=\\"M79.34 15.96L79.32 15.94L79.27 15.89Q81.17 20.76 81.74 25.94L81.76 25.96L81.63 25.82Q85.43 21.78 91.33 16.95L91.29 16.90L91.30 16.92Q94.47 16.58 97.10 15.79L97.09 15.77L90.52 21.39L90.53 21.40Q87.21 24.44 84.36 27.30L84.35 27.28L84.34 27.27Q92.23 36.35 97.29 41.07L97.31 41.08L97.25 41.02Q94.21 40.16 91.89 40.01L91.97 40.08L92.02 40.13Q86.09 34.58 81.79 28.76L81.75 28.72L81.87 28.84Q81.94 35.43 80.08 40.76L80.15 40.83L80.11 40.78Q79.84 40.78 79.34 40.97L79.36 40.99L79.27 41.09L79.32 41.14Q79.11 41.16 76.56 42.07L76.67 42.18L76.51 42.02Q79.41 35.41 79.07 27.95L79.09 27.97L79.21 28.09Q78.91 20.78 75.37 14.27L75.27 14.17L75.90 14.54L76.37 14.89L76.35 14.83L76.31 14.80Q76.97 15.11 79.18 15.80ZM79.51 15.56L79.55 15.60L79.45 15.50Q77.16 14.92 74.53 13.40L74.51 13.37L74.53 13.39Q78.97 20.85 78.97 29.79L78.91 29.73L78.82 29.63Q78.81 36.63 75.84 42.68L75.97 42.81L77.93 41.89L77.87 41.82Q77.63 42.99 76.95 44.29L76.90 44.24L76.87 44.21Q79.11 43.41 81.05 42.99L80.97 42.91L81.15 42.86L81.22 42.93Q81.33 42.74 81.91 42.58L82.03 42.71L82.00 42.68Q83.58 36.68 83.69 31.88L83.74 31.93L83.84 32.03Q85.92 34.53 87.74 36.39L87.61 36.26L87.66 36.31Q88.84 37.41 91.85 40.38L91.82 40.35L91.90 40.43L91.87 40.40Q92.83 41.18 94.70 42.78L94.75 42.83L94.65 42.73Q98.61 43.53 102.08 45.24L102.17 45.34L102.17 45.33Q92.74 36.63 86.50 29.21L86.46 29.17L86.52 29.23Q90.89 24.92 99.64 16.31L99.70 16.37L99.77 16.44Q97.15 17.52 95.13 17.90L95.12 17.88L95.16 17.92Q96.39 16.95 98.71 14.93L98.65 14.86L98.63 14.85Q94.50 16.24 91.15 16.43L91.26 16.54L91.15 16.42Q88.26 18.68 83.39 23.36L83.51 23.48L83.46 23.43Q83.08 20.84 82.51 18.29L82.47 18.25L82.43 18.22Q81.31 18.12 80.32 17.78L80.34 17.80L80.29 17.75Q80.07 16.99 79.50 15.55Z\\"/><path fill=\\"#ddd\\" d=\\"M48.10 14.22L48.10 14.22L48.11 14.23Q52.04 16.91 56.80 17.14L56.81 17.15L56.73 17.07Q61.25 17.14 65.52 15.39L65.70 15.57L65.62 15.49Q65.32 15.99 64.56 18.77L64.67 18.88L64.69 18.90Q61.92 19.90 58.95 20.05L58.96 20.06L58.97 20.07Q56.04 20.26 53.15 19.54L53.01 19.40L53.11 19.50Q53.73 23.05 53.92 26.71L54.00 26.79L53.88 26.67Q55.96 26.95 57.56 26.92L57.61 26.97L57.57 26.93Q58.80 26.94 61.20 26.83L61.19 26.82L61.12 26.75Q61.07 27.39 61.07 28.07L61.17 28.17L61.16 29.49L61.16 29.49Q58.71 29.44 53.92 29.52L53.87 29.47L53.90 29.50Q53.88 33.59 53.31 37.59L53.31 37.59L53.41 37.69Q56.00 37.00 58.74 37.12L58.69 37.07L58.67 37.06Q61.48 37.24 64.07 38.08L64.07 38.07L63.97 37.97Q64.06 38.79 64.33 39.55L64.46 39.68L64.76 41.05L64.84 41.13Q61.60 39.80 58.18 39.80L58.20 39.82L58.11 39.73Q53.32 39.81 49.06 42.06L49.09 42.09L48.98 41.98Q51.41 35.28 51.14 28.16L51.20 28.21L51.05 28.06Q50.80 20.92 48.14 14.26ZM48.59 42.80L48.62 42.84L48.62 42.83Q49.90 42.14 50.66 41.80L50.60 41.73L50.51 41.64Q50.38 42.46 49.81 43.99L49.74 43.92L49.79 43.97Q54.38 42.05 59.44 42.31L59.46 42.34L59.48 42.36Q64.67 42.67 68.67 45.38L68.68 45.39L68.50 45.20Q67.44 42.78 66.76 40.84L66.65 40.73L66.69 40.77Q65.71 40.17 64.72 39.83L64.79 39.90L64.68 39.79Q64.34 38.46 64.19 37.66L64.13 37.60L64.30 37.77Q61.06 36.62 57.90 36.62L58.00 36.73L57.88 36.61Q56.75 36.61 55.60 36.73L55.77 36.89L55.58 36.70Q55.82 35.57 55.86 34.35L55.77 34.27L55.83 31.73L55.84 31.74Q57.83 31.83 59.62 31.87L59.59 31.84L59.44 31.69Q61.37 31.84 63.16 31.99L63.15 31.97L63.21 32.03Q63.07 31.03 63.07 30.07L63.11 30.11L63.13 28.23L62.21 28.18L62.31 28.28Q61.85 28.31 61.39 28.31L61.29 28.22L61.30 28.22Q61.34 27.58 61.49 26.28L61.51 26.31L61.45 26.24Q59.94 26.56 58.76 26.60L58.80 26.64L58.69 26.53Q57.85 26.63 56.02 26.56L55.96 26.50L56.04 26.58Q55.84 25.05 55.65 22.23L55.80 22.38L55.69 22.27Q56.73 22.39 57.72 22.39L57.76 22.44L57.70 22.37Q62.52 22.47 66.21 20.57L66.05 20.41L66.05 20.41Q66.78 18.21 67.66 16.00L67.58 15.93L67.68 16.02Q66.32 16.83 65.48 17.18L65.39 17.08L65.41 17.11Q65.67 16.30 66.12 14.74L66.11 14.72L66.28 14.89Q61.53 16.91 56.65 16.61L56.61 16.56L56.76 16.71Q51.46 16.40 47.61 13.54L47.63 13.56L47.59 13.52Q50.33 20.34 50.64 27.95L50.81 28.13L50.81 28.12Q51.02 35.95 48.51 42.73Z\\"/><path fill=\\"#bbb\\" d=\\"M24.20 29.73L24.08 29.60L24.12 29.65Q24.13 33.92 23.41 38.07L23.30 37.96L23.32 37.99Q25.71 37.55 28.79 37.44L28.66 37.31L28.76 37.41Q29.98 37.49 31.05 36.48L31.05 36.49L31.12 36.56Q32.26 35.62 32.26 34.28L32.17 34.19L32.10 34.12Q32.18 33.90 32.14 33.63L32.11 33.60L32.20 33.69Q31.96 30.67 29.71 29.83L29.70 29.82L29.85 29.97Q29.06 29.64 28.38 29.72L28.35 29.69L28.25 29.58Q27.24 29.57 26.22 29.61L26.13 29.53L26.27 29.67Q25.19 29.69 24.16 29.69ZM22.84 19.15L22.97 19.28L22.86 19.17Q23.84 22.59 24.11 26.97L24.01 26.87L24.13 26.99Q25.40 26.93 28.07 26.97L28.17 27.08L28.08 26.98Q31.06 27.07 31.40 23.53L31.34 23.46L31.39 23.52Q31.55 21.55 30.14 20.71L30.13 20.70L30.30 20.87Q29.36 20.31 24.95 19.66L24.82 19.54L24.86 19.58Q23.87 19.50 22.96 19.27ZM19.17 42.02L19.24 42.09L19.17 42.02Q21.71 35.43 21.45 28.04L21.42 28.01L21.52 28.11Q21.23 20.82 18.30 14.35L18.26 14.31L18.15 14.20Q22.10 16.89 28.32 17.14L28.16 16.97L28.28 17.09Q34.52 17.35 34.86 20.25L34.87 20.26L34.84 20.23Q35.24 23.06 33.83 25.73L33.72 25.61L33.76 25.66Q33.06 27.20 31.46 27.89L31.31 27.74L31.46 27.89Q35.13 28.59 35.36 33.96L35.27 33.87L35.36 33.96Q35.37 35.00 35.30 36.41L35.36 36.47L35.21 36.32Q35.20 37.68 34.26 38.61L34.37 38.72L34.22 38.56Q33.35 39.56 32.02 39.71L32.07 39.76L32.13 39.83Q30.56 39.81 29.49 39.81L29.58 39.90L29.49 39.81Q23.78 39.81 19.25 42.09ZM32.04 42.40L32.00 42.37L32.05 42.41Q33.09 42.57 34.95 42.69L34.80 42.54L34.77 42.50Q36.19 42.56 37.30 41.68L37.40 41.78L37.38 41.77Q38.15 40.82 38.04 39.26L37.95 39.18L38.04 39.27Q37.92 38.27 37.20 34.81L37.28 34.89L37.18 34.79Q36.66 31.72 34.80 30.23L34.62 30.05L34.19 29.21L34.20 29.22Q35.99 27.92 36.56 24.15L36.54 24.14L36.62 24.21Q36.74 23.04 36.66 21.63L36.53 21.50L36.51 21.48Q36.66 20.37 35.55 19.53L35.40 19.38L35.50 19.48Q35.12 19.22 35.01 19.18L34.94 19.11L34.99 19.16Q34.86 18.76 34.02 17.96L33.92 17.86L33.95 17.89Q32.43 16.83 28.20 16.64L28.17 16.60L28.20 16.64Q21.64 16.43 17.64 13.54L17.56 13.46L17.64 13.53Q20.80 20.42 21.10 27.96L21.07 27.93L21.21 28.07Q21.42 35.78 18.60 42.71L18.73 42.83L20.81 41.90L20.82 41.92Q20.40 43.02 19.91 44.17L19.85 44.11L19.77 44.03Q24.17 42.26 29.20 42.26L29.09 42.15L29.27 42.34Q30.62 42.27 32.06 42.42ZM29.81 31.75L29.87 31.81L29.93 31.88Q30.65 31.80 31.57 32.26L31.45 32.14L31.54 32.23Q31.61 32.53 31.76 33.59L31.75 33.59L31.91 33.74Q31.96 34.97 31.02 36.02L31.03 36.02L31.07 36.06Q30.07 37.04 28.66 36.92L28.76 37.03L27.23 37.10L27.20 37.06Q26.54 37.21 25.82 37.32L25.71 37.21L25.67 37.17Q25.97 35.34 26.05 31.88L26.10 31.94L26.22 32.05Q26.85 31.96 28.11 31.92L27.96 31.78L28.00 31.81Q29.32 31.84 29.93 31.87ZM28.89 22.27L28.93 22.31L29.24 22.24L29.19 22.19Q29.53 22.30 29.72 22.34L29.73 22.35L30.06 22.30L30.48 22.53L31.01 22.52L30.92 22.43Q31.13 22.80 31.13 23.10L31.18 23.15L31.01 23.52L31.10 23.61Q31.12 24.88 30.24 25.81L30.16 25.73L30.29 25.86Q29.42 26.80 28.20 26.80L28.16 26.76L28.04 26.64Q27.04 26.66 27.04 26.66L27.00 26.63L27.12 26.75Q25.66 26.58 26.00 26.58L26.13 26.71L26.18 26.76Q26.09 25.18 25.78 22.13L25.84 22.19L25.71 22.06Q27.36 22.26 28.88 22.26Z\\"/></svg>"`;

exports[`Renders math Expression 1`] = `"<svg xmlns=\\"http://www.w3.org/2000/svg\\" width=\\"150\\" height=\\"50\\" viewBox=\\"0,0,150,50\\"><path fill=\\"#98e67e\\" d=\\"M105.51 40.45L105.37 40.31L105.41 40.34Q101.35 40.59 100.36 38.27L100.37 38.28L100.47 38.38Q101.08 37.27 102.64 35.49L102.62 35.47L102.75 35.59Q103.22 37.59 106.23 37.70L106.21 37.68L106.13 37.60Q109.51 37.67 111.15 36.34L111.16 36.35L111.23 36.42Q112.55 34.73 112.47 32.03L112.54 32.10L112.52 32.08Q112.49 27.13 107.69 27.36L107.64 27.31L107.69 27.37Q104.70 27.34 102.95 28.60L103.01 28.66L102.76 28.56L102.59 28.46L102.59 28.47Q102.81 25.19 102.70 22.45L102.81 22.56L102.79 22.54Q102.71 19.94 102.37 16.63L102.27 16.53L102.24 16.50Q105.84 17.41 109.65 17.29L109.83 17.47L109.83 17.47Q113.46 17.22 117.04 15.96L117.20 16.12L116.47 17.49L116.54 17.56Q116.26 18.35 116.07 19.18L116.00 19.11L116.06 19.18Q112.94 20.20 109.05 20.20L109.09 20.23L109.11 20.26Q107.52 20.11 106.03 19.96L106.20 20.13L106.15 20.08Q106.08 20.77 105.74 25.22L105.67 25.15L105.70 25.18Q106.59 24.78 108.65 24.63L108.57 24.55L108.65 24.63Q112.37 24.85 113.82 26.53L113.76 26.47L113.84 26.55Q115.25 28.10 115.51 31.95L115.50 31.94L115.35 31.78Q115.78 36.14 114.56 38.15L114.42 38.02L114.40 37.99Q112.37 39.88 109.06 40.11L109.22 40.28L109.08 40.14Q108.17 40.29 105.50 40.44ZM111.56 42.73L111.49 42.66L111.54 42.70Q114.89 42.71 116.79 41.60L116.82 41.64L116.86 41.67Q117.75 40.04 117.75 37.95L117.78 37.99L117.83 38.04Q117.86 34.98 116.91 30.87L116.84 30.81L116.93 30.89Q116.48 29.07 115.26 27.66L115.19 27.59L115.38 27.82L115.13 27.49L114.80 27.32L114.66 27.17Q114.35 26.44 113.70 25.76L113.70 25.76L113.87 25.97L113.85 25.94Q112.20 24.14 108.50 24.14L108.63 24.27L108.28 24.18L108.32 24.22Q108.30 23.56 108.49 22.46L108.51 22.47L108.61 22.58Q113.52 22.60 117.55 20.97L117.62 21.04L117.49 20.91Q118.06 19.65 119.01 16.83L118.91 16.73L116.93 17.80L116.94 17.81Q117.20 16.55 117.70 15.41L117.77 15.47L117.67 15.38Q113.85 16.85 109.74 16.92L109.85 17.03L109.87 17.05Q105.69 17.10 101.73 15.99L101.77 16.04L101.74 16.01Q102.42 20.42 102.42 24.83L102.30 24.71L102.44 24.85Q102.46 26.78 102.35 28.68L102.35 28.69L102.30 28.63Q102.57 28.83 103.14 29.14L103.17 29.16L103.14 29.13Q103.45 28.87 104.09 28.52L104.03 28.46L104.06 28.49Q104.10 29.33 103.87 30.85L103.81 30.80L103.93 30.91Q104.29 31.05 104.71 31.27L104.76 31.33L104.59 31.15Q107.55 29.58 109.41 29.58L109.26 29.43L109.23 29.40Q110.74 29.57 111.92 30.22L111.86 30.16L111.79 30.10Q112.26 31.25 112.30 32.20L112.23 32.13L112.16 32.06Q112.28 34.70 111.26 35.80L111.27 35.81L111.22 35.77Q109.97 37.11 107.73 37.34L107.71 37.32L107.72 37.33Q106.73 37.37 106.04 37.29L106.10 37.35L105.99 37.23Q105.11 37.08 104.35 36.74L104.37 36.76L104.33 36.52L104.33 36.76L104.21 36.64Q103.54 36.27 103.01 34.94L102.85 34.79L102.89 34.82Q101.65 36.32 99.97 38.45L99.90 38.38L99.98 38.46Q100.17 38.99 101.01 39.94L100.98 39.91L101.00 39.94Q102.17 41.87 104.99 42.36L104.96 42.34L105.02 42.40Q106.15 42.57 111.52 42.69Z\\"/><path d=\\"M15 9 C72 38,65 40,147 49\\" stroke=\\"#76d0ee\\" fill=\\"none\\"/><path fill=\\"#e8a35d\\" d=\\"M72.44 39.37L72.53 39.46L72.54 39.47Q71.83 39.41 71.15 39.45L71.18 39.49L71.24 39.54Q70.41 39.52 69.73 39.52L69.67 39.46L69.66 39.45Q70.16 36.07 70.16 32.64L70.17 32.65L70.19 32.67Q68.38 32.73 67.47 32.73L67.50 32.76L67.45 32.71Q66.60 32.69 64.77 32.62L64.79 32.64L64.76 32.61Q64.85 32.39 64.66 29.92L64.63 29.89L64.71 29.97Q67.17 30.41 70.14 30.41L70.23 30.50L70.12 30.39Q69.88 26.00 69.46 23.41L69.42 23.37L69.41 23.37Q70.32 23.58 71.12 23.58L71.11 23.57L72.74 23.57L72.78 23.61Q72.54 27.86 72.54 30.45L72.43 30.34L72.44 30.35Q74.75 30.49 77.95 30.15L77.82 30.02L77.83 30.03Q77.77 31.42 77.77 32.63L77.73 32.59L77.76 32.62Q77.43 32.56 76.63 32.59L76.76 32.72L76.64 32.61Q75.62 32.58 75.02 32.62L75.02 32.62L75.18 32.79Q75.15 32.76 72.49 32.76L72.45 32.72L72.33 36.02L72.46 36.15Q72.48 37.82 72.60 39.53ZM78.21 29.49L78.18 29.47L78.36 29.64Q76.39 29.88 74.52 29.96L74.55 29.98L74.51 29.95Q74.76 26.81 75.18 24.94L75.15 24.91L75.13 24.89Q74.39 24.91 72.98 25.07L72.99 25.07L73.20 23.04L73.36 23.19Q70.67 23.13 68.99 23.02L68.89 22.92L68.97 23.00Q69.54 26.12 69.73 30.00L69.73 30.00L69.70 29.97Q67.96 29.94 64.27 29.33L64.20 29.26L64.22 29.28Q64.58 30.56 64.58 33.19L64.47 33.08L66.02 33.11L66.03 33.11Q66.10 33.91 65.95 35.32L65.95 35.32L69.92 35.06L69.81 34.95Q69.52 38.05 69.21 39.87L69.32 39.98L69.24 39.91Q70.04 39.94 71.45 39.82L71.55 39.92L71.54 39.92Q71.43 40.49 71.39 41.82L71.37 41.81L71.47 41.90Q71.90 41.80 75.52 41.96L75.49 41.92L75.50 41.94Q74.67 38.93 74.44 34.98L74.48 35.02L74.45 34.99Q77.78 35.08 79.87 35.46L79.89 35.48L79.83 35.42Q79.56 34.39 79.56 33.44L79.64 33.52L79.60 31.57L79.57 31.55Q79.38 31.58 78.85 31.62L78.84 31.61L78.04 31.61L78.13 31.70Q78.26 31.03 78.38 29.66Z\\"/><path fill=\\"#8c6fe0\\" d=\\"M34.04 29.14L33.99 29.09L34.03 29.13Q32.18 29.00 30.95 30.42L30.86 30.33L31.01 30.48Q29.71 31.86 29.52 33.76L29.49 33.73L29.58 33.81Q29.21 35.73 30.30 36.71L30.42 36.83L30.47 36.88Q31.50 37.80 33.60 37.68L33.57 37.65L33.61 37.69Q35.69 37.53 36.80 36.85L36.71 36.76L36.77 36.82Q37.91 35.71 37.91 34.15L37.86 34.10L37.96 34.20Q37.92 33.79 37.85 33.41L37.73 33.29L37.91 33.46Q37.88 31.68 36.77 30.33L36.88 30.44L36.76 30.32Q35.63 28.95 33.96 29.06ZM33.58 40.21L33.61 40.24L33.65 40.28Q29.24 40.25 27.83 39.49L27.87 39.53L27.82 39.48Q26.74 38.67 26.55 36.96L26.57 36.97L26.52 36.93Q26.65 36.40 26.69 35.68L26.63 35.63L26.68 35.68Q26.60 34.49 26.60 34.04L26.64 34.08L26.69 34.12Q27.22 31.34 27.37 30.66L27.27 30.55L27.40 30.68Q27.82 28.71 28.66 27.30L28.58 27.22L28.69 27.33Q31.25 22.84 37.18 16.49L37.28 16.58L37.26 16.57Q39.97 16.31 42.18 15.51L42.01 15.34L42.17 15.49Q35.14 22.78 31.94 27.01L32.07 27.14L32.10 27.16Q33.12 26.70 34.41 26.70L34.40 26.69L34.39 26.67Q37.56 26.53 39.09 28.48L39.10 28.49L39.14 28.52Q40.40 30.09 40.74 33.63L40.74 33.63L40.92 33.81Q40.81 34.35 40.81 34.96L40.95 35.10L40.98 35.13Q40.92 38.19 38.71 39.26L38.76 39.30L38.72 39.26Q37.39 39.76 33.50 40.14ZM35.89 42.64L35.95 42.70L35.89 42.64Q37.11 42.52 39.09 42.60L39.15 42.66L39.07 42.59Q40.85 42.80 42.41 42.08L42.30 41.97L42.38 42.05Q43.54 41.30 43.54 39.51L43.49 39.46L43.48 39.45Q43.54 39.02 43.37 38.03L43.20 37.86L43.26 37.92Q43.06 36.90 43.06 36.44L43.20 36.59L43.10 36.48Q42.19 31.73 40.59 29.83L40.67 29.91L40.56 29.80Q40.54 29.74 40.39 29.51L40.44 29.57L40.18 29.38L39.95 29.19L40.00 29.24Q39.62 28.71 39.01 27.75L39.14 27.88L39.01 27.75Q38.14 26.84 36.16 26.38L36.26 26.49L36.18 26.41Q37.48 24.89 40.45 21.20L40.42 21.17L44.65 15.88L44.53 15.76Q43.10 16.77 40.71 17.53L40.62 17.44L40.66 17.48Q41.57 16.49 43.36 14.51L43.40 14.56L43.36 14.52Q40.91 15.53 37.03 16.10L37.04 16.11L37.08 16.16Q31.37 22.05 28.40 27.00L28.40 27.00L28.29 26.89Q26.91 29.54 26.34 35.79L26.35 35.81L26.25 35.70Q26.15 36.25 26.22 37.20L26.29 37.26L26.35 37.32Q26.33 38.98 27.44 39.90L27.38 39.83L27.56 40.02Q27.88 40.11 27.84 40.15L27.88 40.19L27.75 40.06Q28.19 41.03 28.99 41.45L28.96 41.42L29.08 41.54Q30.40 42.10 32.34 42.29L32.47 42.42L32.41 42.35Q32.38 42.33 35.89 42.64ZM35.68 31.43L35.66 31.41L35.59 31.33Q36.20 31.26 37.15 31.75L37.23 31.83L37.19 31.80Q37.47 32.69 37.47 33.33L37.55 33.41L37.58 33.44Q37.76 35.30 36.81 36.29L36.77 36.25L36.70 36.18Q35.64 36.91 33.55 37.21L33.69 37.35L33.54 37.21Q32.08 37.19 31.55 36.93L31.56 36.94L31.57 36.95Q31.50 36.62 31.50 36.31L31.49 36.30L31.47 36.28Q31.27 33.03 34.20 31.74L34.05 31.59L34.04 31.58Q34.89 31.32 35.65 31.40Z\\"/></svg>"`;

exports[`Renders on small canvas 1`] = `"<svg xmlns=\\"http://www.w3.org/2000/svg\\" width=\\"40\\" height=\\"18\\" viewBox=\\"0,0,40,18\\"><path d=\\"M3 2 C9 14,14 3,27 3\\" stroke=\\"#222\\" fill=\\"none\\"/><path fill=\\"#111\\" d=\\"M22.33 15.56L22.20 15.43L21.36 15.57L21.38 15.59Q21.09 15.50 20.67 15.52L20.81 15.66L20.71 15.55Q20.40 15.68 20.18 15.68L20.08 15.58L20.09 15.59Q19.45 15.65 19.01 15.29L18.97 15.25L18.91 15.19Q19.24 14.71 19.94 13.79L20.05 13.90L19.96 13.81Q20.57 14.55 21.51 14.45L21.47 14.41L21.57 14.50Q21.87 14.37 22.15 14.09L22.25 14.19L22.16 14.11Q22.36 13.75 22.31 13.38L22.45 13.51L22.41 13.47Q22.25 11.39 22.28 9.43L22.35 9.50L22.38 9.53Q22.42 7.57 22.64 5.60L22.54 5.49L22.67 5.63Q23.41 5.45 24.32 5.01L24.34 5.02L24.40 5.09Q23.56 7.93 23.56 11.03L23.59 11.06L23.61 11.08Q23.57 12.56 23.77 14.06L23.71 14.00L23.71 14.01Q23.88 14.29 23.88 14.44L23.83 14.38L23.85 14.40Q23.72 14.52 23.62 14.74L23.66 14.79L23.72 14.85Q23.44 15.35 22.23 15.46ZM24.31 16.65L24.33 16.67L24.60 16.79L24.54 16.55L24.69 16.53L24.79 16.63Q24.87 16.47 24.90 16.42L24.91 16.43L24.89 16.41Q25.07 16.00 24.96 15.58L24.91 15.53L24.86 15.48Q24.37 13.08 24.48 10.35L24.33 10.21L24.34 10.22Q24.53 7.68 25.30 5.15L25.21 5.06L25.18 5.03Q24.93 5.43 24.39 5.74L24.32 5.68L24.35 5.70Q24.41 5.36 24.59 4.71L24.71 4.83L24.68 4.80Q23.48 5.25 22.34 5.38L22.40 5.44L22.42 5.45Q22.27 7.34 22.23 9.46L22.20 9.43L22.15 9.38Q22.26 12.05 22.29 13.52L22.33 13.55L22.31 13.54Q22.24 14.20 21.49 14.27L21.55 14.33L21.46 14.24Q20.84 14.40 20.12 13.70L19.98 13.55L20.10 13.68Q19.17 14.70 18.76 15.37L18.76 15.37L18.81 15.41Q19.08 15.69 19.53 15.79L19.44 15.70L19.49 15.76Q19.34 15.71 19.23 15.81L19.41 15.99L19.37 15.95Q19.99 16.35 20.84 16.47L20.86 16.49L20.81 16.44Q20.91 16.40 22.33 16.53L22.34 16.54L22.38 16.59Q23.70 16.63 24.29 16.63Z\\"/><path fill=\\"#333\\" d=\\"M7.15 10.13L7.14 10.11L7.23 10.20Q5.64 10.08 5.16 11.52L5.27 11.62L5.29 11.64Q5.12 12.09 5.07 12.55L4.99 12.46L4.96 12.44Q4.85 13.29 5.28 13.86L5.31 13.89L5.27 13.85Q6.00 14.52 7.06 14.54L6.89 14.37L7.06 14.54Q7.74 14.45 8.34 13.96L8.27 13.89L8.29 13.91Q8.88 13.40 8.88 12.64L9.00 12.76L8.88 12.64Q8.93 12.54 8.89 12.37L8.90 12.38L8.88 12.36Q8.84 10.22 7.21 10.18ZM7.06 15.41L7.09 15.45L7.16 15.52Q5.58 15.67 4.81 14.80L4.79 14.78L4.83 14.82Q4.56 15.09 4.37 15.68L4.44 15.75L4.54 15.85Q3.54 16.01 3.00 16.25L3.13 16.39L2.99 16.25Q4.02 13.78 4.02 10.99L3.97 10.95L4.09 11.06Q4.03 7.44 2.56 4.08L2.50 4.02L2.56 4.08Q3.59 4.69 4.16 4.88L4.04 4.77L4.15 4.87Q4.99 7.66 5.06 10.15L5.05 10.14L5.09 10.19Q5.62 8.95 7.22 8.97L7.28 9.03L7.35 9.10Q8.61 8.99 9.24 9.78L9.33 9.87L9.32 9.87Q10.16 10.90 10.23 12.43L10.10 12.31L10.12 12.33Q10.25 12.93 10.22 13.62L10.24 13.64L10.17 13.57Q10.12 14.15 9.74 14.64L9.87 14.77L9.82 14.72Q9.09 15.48 7.23 15.59ZM9.43 16.52L9.59 16.67L9.43 16.51Q10.12 16.57 10.76 16.28L10.86 16.38L10.89 16.41Q11.30 15.79 11.31 14.96L11.38 15.02L11.37 15.01Q11.29 14.72 11.23 14.22L11.29 14.28L11.19 14.18Q11.16 13.89 11.11 13.50L11.20 13.59L11.18 13.57Q10.80 11.49 10.13 10.61L10.07 10.55L10.09 10.57Q10.14 10.60 9.80 10.23L9.81 10.24L9.84 10.26Q9.75 10.17 9.52 9.82L9.45 9.75L9.43 9.73Q8.82 8.97 7.38 8.99L7.24 8.84L7.34 8.95Q6.49 8.99 5.95 9.25L5.97 9.27L5.96 9.26Q5.69 7.20 5.43 5.83L5.44 5.84L5.47 5.87Q5.18 5.82 4.54 5.66L4.57 5.69L4.61 5.72Q4.40 5.25 4.20 4.63L4.28 4.71L4.28 4.71Q3.23 4.36 2.26 3.69L2.21 3.64L2.34 3.77Q3.97 7.29 3.97 11.06L3.82 10.91L3.84 10.93Q3.98 14.05 2.92 16.71L2.90 16.69L2.77 16.56Q3.21 16.56 3.78 16.31L3.72 16.25L3.60 16.13Q3.55 16.51 3.29 17.17L3.42 17.29L3.27 17.14Q4.18 16.81 5.37 16.58L5.31 16.52L5.45 15.72L5.61 15.88Q6.58 16.59 9.55 16.64ZM7.97 11.24L7.81 11.08L7.95 11.22Q8.23 11.05 8.45 11.22L8.60 11.36L8.55 11.31Q8.70 11.54 8.79 12.41L8.86 12.47L8.79 12.40Q8.78 13.11 8.24 13.67L8.26 13.69L8.33 13.76Q7.85 14.39 7.02 14.34L7.02 14.33L6.99 14.30Q6.52 14.30 5.89 14.08L5.89 14.09L5.92 14.12Q5.91 13.99 5.91 13.76L5.75 13.60L5.80 13.65Q5.94 12.47 6.61 11.79L6.51 11.69L6.53 11.72L6.42 11.61Q7.05 11.04 7.80 11.07Z\\"/><path fill=\\"#222\\" d=\\"M30.54 15.39L30.42 15.28L29.70 15.39L29.63 15.32Q29.18 15.28 28.78 15.33L28.87 15.42L28.85 15.40Q29.09 12.74 29.09 11.03L29.05 10.99L29.11 11.05Q27.42 8.19 24.14 4.47L24.06 4.40L24.03 4.37Q24.96 4.95 26.39 5.29L26.38 5.28L26.28 5.18Q28.53 7.66 29.82 9.90L29.76 9.84L29.82 9.90Q31.08 7.48 32.96 5.33L32.94 5.32L33.00 5.37Q34.04 5.20 35.11 4.86L35.04 4.79L35.12 4.86Q32.54 7.49 30.45 11.10L30.41 11.06L30.33 10.98Q30.32 13.98 30.45 15.30ZM34.44 5.72L35.50 4.41L35.63 4.53Q34.20 4.93 32.86 5.13L32.86 5.12L32.91 5.17Q31.12 7.22 29.91 9.40L29.96 9.45L29.82 9.31Q28.89 7.72 27.52 6.06L27.58 6.12L27.54 6.09Q27.40 6.05 27.18 6.02L27.21 6.05L27.19 6.02Q27.07 5.86 26.42 5.14L26.38 5.11L26.25 4.97Q24.82 4.67 23.55 4.00L23.61 4.06L23.67 4.12Q26.87 7.65 28.91 11.04L29.02 11.15L28.97 11.10Q28.91 13.80 28.65 15.57L28.58 15.50L28.71 15.63Q28.94 15.54 29.56 15.49L29.67 15.60L29.67 16.05L29.54 15.91Q29.58 16.15 29.55 16.38L29.52 16.36L29.56 16.40Q31.03 16.34 31.78 16.42L31.82 16.46L31.87 16.51Q31.34 14.51 31.29 11.95L31.29 11.95L31.17 11.83Q33.07 8.24 35.88 5.09L35.93 5.14L34.36 5.64Z\\"/><path fill=\\"#111\\" d=\\"M12.48 15.51L12.56 15.60L12.63 15.66Q11.88 15.55 11.21 15.37L11.36 15.52L11.26 15.42Q10.77 15.06 10.71 14.36L10.69 14.34L10.71 14.37Q10.73 14.32 10.81 13.19L10.78 13.16L10.82 13.20Q11.12 12.98 11.99 12.82L12.11 12.94L11.99 13.23L11.90 13.14Q11.82 13.92 12.42 14.17L12.39 14.14L12.40 14.14Q12.84 14.39 13.74 14.39L13.61 14.26L13.73 14.38Q14.34 14.25 14.43 14.21L14.50 14.29L14.55 14.34Q14.87 14.20 15.18 13.99L15.15 13.96L15.17 13.98Q15.86 13.66 15.78 12.76L15.73 12.71L15.75 12.73Q15.67 11.69 14.93 11.02L14.96 11.05L14.80 10.90Q14.14 10.30 13.08 10.30L13.09 10.31L12.98 10.11L13.10 10.23Q13.14 10.09 13.52 10.06L13.69 10.23L13.61 10.15Q14.47 10.14 15.05 9.61L14.94 9.50L15.02 9.57Q15.50 8.95 15.57 8.15L15.59 8.17L15.59 8.16Q15.68 8.07 15.68 7.93L15.66 7.91L15.74 7.99Q15.64 7.24 15.06 6.85L15.03 6.82L15.15 6.95Q14.68 6.65 13.99 6.70L13.98 6.69L13.92 6.62Q13.24 6.44 12.72 6.62L12.76 6.66L12.86 6.75Q12.25 7.00 12.12 7.49L12.03 7.40L12.06 7.42Q12.01 7.79 12.05 8.11L12.06 8.13L11.97 8.04Q11.49 7.90 10.61 7.59L10.75 7.74L10.72 7.70Q10.60 6.96 10.61 6.60L10.71 6.70L10.69 6.67Q10.62 5.90 11.08 5.61L11.16 5.70L11.11 5.64Q11.80 5.47 12.48 5.47L12.38 5.37L12.46 5.45Q13.80 5.42 15.16 5.53L15.09 5.47L15.07 5.44Q17.22 5.60 17.09 7.21L17.09 7.22L17.12 7.25Q17.15 7.95 16.94 8.62L16.84 8.52L16.89 8.57Q16.55 9.94 15.53 10.33L15.56 10.36L15.58 10.38Q16.63 10.53 16.89 11.97L16.87 11.94L16.83 11.91Q17.02 12.49 17.06 13.35L17.01 13.31L17.08 13.37Q17.10 15.24 15.12 15.43L15.09 15.40L15.21 15.52Q14.82 15.47 12.55 15.59ZM14.73 16.49L14.70 16.46L14.76 16.53Q14.95 16.47 16.18 16.50L16.29 16.62L16.25 16.57Q17.07 16.68 17.77 16.40L17.73 16.36L17.80 16.43Q18.29 16.00 18.21 15.25L18.10 15.15L18.12 15.17Q18.12 14.64 17.99 13.89L17.92 13.82L17.91 13.81Q17.67 11.96 16.84 11.26L16.89 11.31L16.80 11.14L16.65 10.97L16.72 11.04Q17.50 10.45 17.82 8.57L17.83 8.58L17.82 8.57Q17.72 8.26 17.77 7.85L17.89 7.97L17.89 7.97Q17.88 7.61 17.85 7.31L17.85 7.31L17.95 7.41Q17.76 6.57 17.21 6.27L17.23 6.30L17.30 6.40L17.12 6.22Q17.01 5.82 16.52 5.59L16.51 5.58L16.50 5.57Q16.02 5.45 13.82 5.32L13.80 5.30L13.78 5.28Q12.96 5.14 12.27 5.14L12.33 5.20L12.34 5.21Q11.63 5.18 10.97 5.46L11.01 5.49L11.07 5.55Q10.56 5.89 10.56 6.64L10.46 6.55L10.40 6.48Q10.41 6.31 10.52 7.75L10.59 7.82L10.64 7.87Q10.74 7.87 11.44 8.13L11.37 8.06L11.35 8.04Q11.45 8.36 11.43 8.57L11.31 8.46L11.46 8.60Q11.43 8.79 11.45 9.02L11.38 8.95L11.51 9.08Q12.10 9.07 12.97 9.12L13.04 9.19L12.99 9.14Q12.98 8.30 13.46 7.94L13.57 8.05L13.57 8.05Q13.92 7.77 14.78 7.67L14.62 7.51L14.70 7.58Q15.11 7.50 15.35 7.58L15.42 7.65L15.39 7.63Q15.42 7.68 15.43 7.73L15.42 7.72L15.52 7.91L15.43 8.01L15.43 8.01Q15.50 8.15 15.48 8.22L15.55 8.29L15.46 8.20Q15.47 8.98 14.82 9.49L14.86 9.53L14.78 9.44Q14.44 9.89 13.58 9.97L13.55 9.95L13.57 9.96Q13.36 10.13 12.98 10.13L12.85 10.00L12.86 10.00Q12.84 10.11 12.90 10.41L13.03 10.53L12.92 10.43Q13.74 10.49 14.36 10.80L14.30 10.74L14.32 10.81L13.64 10.88L13.56 10.80Q13.72 11.10 13.77 11.36L13.71 11.30L13.77 11.36Q14.60 11.24 15.34 11.81L15.26 11.73L15.41 11.89Q15.50 12.04 15.63 12.74L15.55 12.66L15.57 12.68Q15.60 13.88 14.34 14.06L14.30 14.02L14.34 14.06Q13.44 14.17 13.20 14.16L13.22 14.18L13.24 14.21Q12.99 14.10 12.76 14.07L12.88 14.18L12.85 13.96L12.88 13.75L12.93 13.62L12.82 13.36L12.95 13.48Q12.52 13.49 12.17 13.58L12.11 13.52L12.07 13.47Q12.21 13.53 12.21 13.44L12.17 13.41L12.05 13.29Q12.22 13.37 12.22 13.27L12.18 13.22L12.08 13.13Q12.08 12.93 12.15 12.62L12.25 12.73L12.27 12.74Q11.51 12.88 10.71 13.03L10.73 13.05L10.55 12.87Q10.68 13.21 10.63 13.69L10.52 13.58L10.65 13.71Q10.44 14.03 10.44 14.29L10.56 14.41L10.49 14.34Q10.50 15.20 11.09 15.53L11.20 15.64L11.22 15.66Q11.81 16.59 13.83 16.51L13.90 16.58L13.91 16.59Q14.16 16.51 14.82 16.58Z\\"/></svg>"`;
